RAM Allocation
Variable                                                          Address   Size
--------------------------------------------------------------------------------
Pos_Count_HCTL_1                                                  0x2400       4
Pos_Count_HCTL_2                                                  0x2404       4
Pos_Count_HCTL_3                                                  0x2408       4
Pos_Count_HCTL_4                                                  0x240C       4
Temp_Pos_Count_HCTL_1                                             0x2410       4
Temp_Pos_Count_HCTL_2                                             0x2414       4
Temp_Pos_Count_HCTL_3                                             0x2418       4
Temp_Pos_Count_HCTL_4                                             0x241C       4
h                                                                 0x2420       4
ad                                                                0x2424       4
bd                                                                0x2428       4
ad1                                                               0x242C       4
bd1                                                               0x2430       4
bi1                                                               0x2434       4
bi2                                                               0x2438       4
a01                                                               0x243C       4
a02                                                               0x2440       4
x_1                                                               0x2444       4
x_2                                                               0x2448       4
x_3                                                               0x244C       4
x_4                                                               0x2450       4
x_a1                                                              0x2454       4
x_5                                                               0x2458       4
x_6                                                               0x245C       4
x_7                                                               0x2460       4
x_8                                                               0x2464       4
x_a2                                                              0x2468       4
x_1_old                                                           0x246C       4
x_2_old                                                           0x2470       4
x_3_old                                                           0x2474       4
x_4_old                                                           0x2478       4
x_5_old                                                           0x247C       4
x_6_old                                                           0x2480       4
x_7_old                                                           0x2484       4
x_8_old                                                           0x2488       4
x_a1_old                                                          0x248C       4
x_a2_old                                                          0x2490       4
Phi                                                               0x2494       4
x_1_tk                                                            0x2498       4
x_2_tk                                                            0x249C       4
x_3_tk                                                            0x24A0       4
x_4_tk                                                            0x24A4       4
x_a1_tk                                                           0x24A8       4
x_5_tk                                                            0x24AC       4
x_6_tk                                                            0x24B0       4
x_7_tk                                                            0x24B4       4
x_8_tk                                                            0x24B8       4
x_a2_tk                                                           0x24BC       4
norm_e                                                            0x24C0       4
norm_epsilon                                                      0x24C4       4
w_3                                                               0x24C8       4
w_4                                                               0x24CC       4
w_8                                                               0x24D0       4
w_9                                                               0x24D4       4
r_1                                                               0x24D8       4
r_2                                                               0x24DC       4
home_x                                                            0x24E0       4
home_theta                                                        0x24E4       4
u_1                                                               0x24E8       4
u_2                                                               0x24EC       4
u_1_old                                                           0x24F0       4
u_2_old                                                           0x24F4       4
u_11                                                              0x24F8       4
v_1                                                               0x24FC       4
v_2                                                               0x2500       4
iterations                                                        0x2504       4
iterations_old                                                    0x2508       4
count_ref                                                         0x250C       4
_seed                                                             0x2510       4
i_S1030001000                                                     0x2514       2
j_S1030005000                                                     0x2516       1

EEPROM Allocation
Variable                                                          Address   Size
--------------------------------------------------------------------------------

Register Allocation
Variable                                                          Register  Size
--------------------------------------------------------------------------------
dir                                                               R3           1
NumOfRev                                                          R4,R5        2
Counter_OverFlows                                                 R2           1
LED                                                               R7           1
LED_Flag                                                          GPIO0.0  1bit
CountMode                                                         R6           1
counter_state1                                                    R9           1
counter_state2                                                    R8           1
start_flag                                                        GPIO0.1  1bit
SW0_pressed                                                       GPIO0.2  1bit
SW1_pressed                                                       GPIO0.3  1bit
SW2_pressed                                                       GPIO0.4  1bit
SW3_pressed                                                       GPIO0.5  1bit
SW4_pressed                                                       GPIO0.6  1bit
Periodic_ON                                                       GPIO0.7  1bit
first_transmission                                                GPIO1.0  1bit
flag_ref                                                          GPIO1.1  1bit
q_test_sig_Port                                                   R10,R11      2
test_lineCount                                                    R13          1
